BL51 BANKED LINKER/LOCATER V6.22                                                        09/05/2016  15:40:21  PAGE 1


BL51 BANKED LINKER/LOCATER V6.22, INVOKED BY:
C:\KEIL\C51\BIN\BL51.EXE STARTUP.obj, 定时器应用.obj TO 定时器应用 RAMSIZE (256)


MEMORY MODEL: SMALL


INPUT MODULES INCLUDED:
  STARTUP.obj (?C_STARTUP)
  定时器应用.obj (定时芲应用)


LINK MAP OF MODULE:  定时器应用 (?C_STARTUP)


            TYPE    BASE      LENGTH    RELOCATION   SEGMENT NAME
            -----------------------------------------------------

            * * * * * * *   D A T A   M E M O R Y   * * * * * * *
            REG     0000H     0008H     ABSOLUTE     "REG BANK 0"
            IDATA   0008H     0001H     UNIT         ?STACK

            * * * * * * *   C O D E   M E M O R Y   * * * * * * *
            CODE    0000H     0003H     ABSOLUTE     
                    0003H     07FDH                  *** GAP ***
            CODE    0800H     002EH     UNIT         ?PR?MAIN?定时芲应用
            CODE    082EH     000CH     UNIT         ?C_C51STARTUP



OVERLAY MAP OF MODULE:   定时器应用 (?C_STARTUP)


SEGMENT
  +--> CALLED SEGMENT
---------------------
?C_C51STARTUP
  +--> ?PR?MAIN?定时芲应用



SYMBOL TABLE OF MODULE:  定时器应用 (?C_STARTUP)

  VALUE           TYPE          NAME
  ----------------------------------

  -------         MODULE        ?C_STARTUP
  C:082EH         SEGMENT       ?C_C51STARTUP
  I:0008H         SEGMENT       ?STACK
  C:0000H         PUBLIC        ?C_STARTUP
  D:00E0H         SYMBOL        ACC
  D:00F0H         SYMBOL        B
  D:0083H         SYMBOL        DPH
  D:0082H         SYMBOL        DPL
  N:0000H         SYMBOL        IBPSTACK
  N:0100H         SYMBOL        IBPSTACKTOP
  N:0080H         SYMBOL        IDATALEN
  C:0831H         SYMBOL        IDATALOOP
BL51 BANKED LINKER/LOCATER V6.22                                                      09/05/2016  15:40:21  PAGE 2


  N:0000H         SYMBOL        PBPSTACK
  N:0100H         SYMBOL        PBPSTACKTOP
  N:0000H         SYMBOL        PDATALEN
  N:0000H         SYMBOL        PDATASTART
  N:0000H         SYMBOL        PPAGE
  N:0000H         SYMBOL        PPAGEENABLE
  D:00A0H         SYMBOL        PPAGE_SFR
  D:0081H         SYMBOL        SP
  C:082EH         SYMBOL        STARTUP1
  N:0000H         SYMBOL        XBPSTACK
  N:0000H         SYMBOL        XBPSTACKTOP
  N:0000H         SYMBOL        XDATALEN
  N:0000H         SYMBOL        XDATASTART
  C:0000H         LINE#         126
  C:082EH         LINE#         133
  C:0830H         LINE#         134
  C:0831H         LINE#         135
  C:0832H         LINE#         136
  C:0834H         LINE#         185
  C:0837H         LINE#         196
  -------         ENDMOD        ?C_STARTUP

  -------         MODULE        定时芲应用
  C:0000H         SYMBOL        _ICE_DUMMY_
  D:0080H         PUBLIC        P0
  D:0090H         PUBLIC        P1
  D:00B0H         PUBLIC        P3
  D:00A8H         PUBLIC        IE
  D:00B8H         PUBLIC        IP
  C:0800H         PUBLIC        main
  D:0098H         PUBLIC        SCON
  D:0089H         PUBLIC        TMOD
  D:0088H         PUBLIC        TCON
  B:0088H.5       PUBLIC        TF0
  B:0090H.0       PUBLIC        ADDR0
  D:008CH         PUBLIC        TH0
  B:0090H.1       PUBLIC        ADDR1
  B:0090H.2       PUBLIC        ADDR2
  B:0090H.3       PUBLIC        ADDR3
  D:008AH         PUBLIC        TL0
  B:0080H.0       PUBLIC        LED
  B:0088H.4       PUBLIC        TR0
  D:00C8H         PUBLIC        T2CON
  B:0090H.4       PUBLIC        ENLED
  D:00D0H         PUBLIC        PSW
  -------         PROC          MAIN
  -------         DO            
  D:0007H         SYMBOL        cnt
  -------         ENDDO         
  C:0800H         LINE#         10
  C:0800H         LINE#         11
  C:0800H         LINE#         12
  C:0802H         LINE#         14
  C:0804H         LINE#         15
  C:0806H         LINE#         16
  C:0808H         LINE#         17
  C:080AH         LINE#         18
BL51 BANKED LINKER/LOCATER V6.22                                                      09/05/2016  15:40:21  PAGE 3


  C:080CH         LINE#         19
  C:080FH         LINE#         20
  C:0812H         LINE#         21
  C:0814H         LINE#         22
  C:0816H         LINE#         24
  C:0816H         LINE#         25
  C:0816H         LINE#         26
  C:0819H         LINE#         27
  C:0819H         LINE#         28
  C:081BH         LINE#         29
  C:081EH         LINE#         30
  C:0821H         LINE#         31
  C:0822H         LINE#         32
  C:0828H         LINE#         33
  C:0828H         LINE#         34
  C:082AH         LINE#         35
  C:082CH         LINE#         36
  C:082CH         LINE#         37
  C:082CH         LINE#         38
  -------         ENDPROC       MAIN
  -------         ENDMOD        定时芲应用

******************************************************************************
* RESTRICTED VERSION WITH 0800H BYTE CODE SIZE LIMIT; USED: 003DH BYTE ( 2%) *
******************************************************************************

Program Size: data=9.0 xdata=0 code=61
LINK/LOCATE RUN COMPLETE.  0 WARNING(S),  0 ERROR(S)
