BL51 BANKED LINKER/LOCATER V6.22                                                        09/03/2016  21:42:46  PAGE 1


BL51 BANKED LINKER/LOCATER V6.22, INVOKED BY:
C:\KEIL\C51\BIN\BL51.EXE STARTUP.obj, 流水灯.obj TO 流水灯 RAMSIZE (256)


MEMORY MODEL: SMALL


INPUT MODULES INCLUDED:
  STARTUP.obj (?C_STARTUP)
  流水灯.obj (羅水灯)


LINK MAP OF MODULE:  流水灯 (?C_STARTUP)


            TYPE    BASE      LENGTH    RELOCATION   SEGMENT NAME
            -----------------------------------------------------

            * * * * * * *   D A T A   M E M O R Y   * * * * * * *
            REG     0000H     0008H     ABSOLUTE     "REG BANK 0"
            IDATA   0008H     0001H     UNIT         ?STACK

            * * * * * * *   C O D E   M E M O R Y   * * * * * * *
            CODE    0000H     0003H     ABSOLUTE     
                    0003H     07FDH                  *** GAP ***
            CODE    0800H     0035H     UNIT         ?PR?MAIN?羅水灯
            CODE    0835H     000CH     UNIT         ?C_C51STARTUP



OVERLAY MAP OF MODULE:   流水灯 (?C_STARTUP)


SEGMENT
  +--> CALLED SEGMENT
---------------------
?C_C51STARTUP
  +--> ?PR?MAIN?羅水灯



SYMBOL TABLE OF MODULE:  流水灯 (?C_STARTUP)

  VALUE           TYPE          NAME
  ----------------------------------

  -------         MODULE        ?C_STARTUP
  C:0835H         SEGMENT       ?C_C51STARTUP
  I:0008H         SEGMENT       ?STACK
  C:0000H         PUBLIC        ?C_STARTUP
  D:00E0H         SYMBOL        ACC
  D:00F0H         SYMBOL        B
  D:0083H         SYMBOL        DPH
  D:0082H         SYMBOL        DPL
  N:0000H         SYMBOL        IBPSTACK
  N:0100H         SYMBOL        IBPSTACKTOP
  N:0080H         SYMBOL        IDATALEN
  C:0838H         SYMBOL        IDATALOOP
BL51 BANKED LINKER/LOCATER V6.22                                                      09/03/2016  21:42:46  PAGE 2


  N:0000H         SYMBOL        PBPSTACK
  N:0100H         SYMBOL        PBPSTACKTOP
  N:0000H         SYMBOL        PDATALEN
  N:0000H         SYMBOL        PDATASTART
  N:0000H         SYMBOL        PPAGE
  N:0000H         SYMBOL        PPAGEENABLE
  D:00A0H         SYMBOL        PPAGE_SFR
  D:0081H         SYMBOL        SP
  C:0835H         SYMBOL        STARTUP1
  N:0000H         SYMBOL        XBPSTACK
  N:0000H         SYMBOL        XBPSTACKTOP
  N:0000H         SYMBOL        XDATALEN
  N:0000H         SYMBOL        XDATASTART
  C:0000H         LINE#         126
  C:0835H         LINE#         133
  C:0837H         LINE#         134
  C:0838H         LINE#         135
  C:0839H         LINE#         136
  C:083BH         LINE#         185
  C:083EH         LINE#         196
  -------         ENDMOD        ?C_STARTUP

  -------         MODULE        羅水灯
  C:0000H         SYMBOL        _ICE_DUMMY_
  D:0080H         PUBLIC        P0
  D:0090H         PUBLIC        P1
  D:00B0H         PUBLIC        P3
  D:00A8H         PUBLIC        IE
  D:00B8H         PUBLIC        IP
  C:0800H         PUBLIC        main
  D:0098H         PUBLIC        SCON
  D:0088H         PUBLIC        TCON
  B:0090H.0       PUBLIC        ADDR0
  B:0090H.1       PUBLIC        ADDR1
  B:0090H.2       PUBLIC        ADDR2
  B:0090H.3       PUBLIC        ADDR3
  D:00C8H         PUBLIC        T2CON
  B:0090H.4       PUBLIC        ENLED
  D:00D0H         PUBLIC        PSW
  -------         PROC          MAIN
  -------         DO            
  D:0006H         SYMBOL        i
  D:0005H         SYMBOL        cnt
  -------         ENDDO         
  C:0800H         LINE#         9
  C:0800H         LINE#         10
  C:0800H         LINE#         11
  C:0803H         LINE#         12
  C:0804H         LINE#         14
  C:0806H         LINE#         15
  C:0808H         LINE#         16
  C:080AH         LINE#         17
  C:080CH         LINE#         18
  C:080EH         LINE#         19
  C:080EH         LINE#         20
  C:080EH         LINE#         21
  C:081CH         LINE#         22
BL51 BANKED LINKER/LOCATER V6.22                                                      09/03/2016  21:42:46  PAGE 3


  C:082AH         LINE#         23
  C:082BH         LINE#         24
  C:0831H         LINE#         25
  C:0831H         LINE#         26
  C:0833H         LINE#         27
  C:0833H         LINE#         28
  -------         ENDPROC       MAIN
  -------         ENDMOD        羅水灯

******************************************************************************
* RESTRICTED VERSION WITH 0800H BYTE CODE SIZE LIMIT; USED: 0044H BYTE ( 3%) *
******************************************************************************

Program Size: data=9.0 xdata=0 code=68
LINK/LOCATE RUN COMPLETE.  0 WARNING(S),  0 ERROR(S)
